// Jest Snapshot v1, https://goo.gl/fbAQLP

exports[`Calculator should match the snapshot 1`] = `
<DocumentFragment>
  <div
    class="main"
  >
    <h1
      class="header"
    >
      Calculator
    </h1>
    <div
      class="calcSection"
    >
      <h2>
        Let's do some math!
      </h2>
      <div
        class="calculator"
      >
        <div
          class="cal-answer"
          data-testid="calc-answer"
        >
          0
        </div>
        <button
          class=""
          type="button"
        >
          AC
        </button>
        <button
          class=""
          type="button"
        >
          +/-
        </button>
        <button
          class=""
          type="button"
        >
          %
        </button>
        <button
          class="side"
          type="button"
        >
          /
        </button>
        <button
          class=""
          type="button"
        >
          7
        </button>
        <button
          class=""
          type="button"
        >
          8
        </button>
        <button
          class=""
          type="button"
        >
          9
        </button>
        <button
          class="side"
          type="button"
        >
          X
        </button>
        <button
          class=""
          type="button"
        >
          4
        </button>
        <button
          class=""
          type="button"
        >
          5
        </button>
        <button
          class=""
          type="button"
        >
          6
        </button>
        <button
          class="side"
          type="button"
        >
          -
        </button>
        <button
          class=""
          type="button"
        >
          1
        </button>
        <button
          class=""
          type="button"
        >
          2
        </button>
        <button
          class=""
          type="button"
        >
          3
        </button>
        <button
          class="side"
          type="button"
        >
          +
        </button>
        <button
          class="zero"
          type="button"
        >
          0
        </button>
        <button
          class=""
          type="button"
        >
          .
        </button>
        <button
          class="side"
          type="button"
        >
          =
        </button>
      </div>
    </div>
  </div>
</DocumentFragment>
`;
